stm32f1xx_hal_uart.c:2736:13:UART_EndRxTransfer	0	static
stm32f1xx_hal_uart.c:3063:13:UART_SetConfig	16	static
stm32f1xx_hal_uart.c:2690:26:UART_WaitOnFlagUntilTimeout.constprop	24	static
stm32f1xx_hal_uart.c:672:13:HAL_UART_MspInit	0	static
stm32f1xx_hal_uart.c:314:19:HAL_UART_Init	8	static
stm32f1xx_hal_uart.c:391:19:HAL_HalfDuplex_Init	8	static
stm32f1xx_hal_uart.c:466:19:HAL_LIN_Init	16	static
stm32f1xx_hal_uart.c:549:19:HAL_MultiProcessor_Init	16	static
stm32f1xx_hal_uart.c:687:13:HAL_UART_MspDeInit	0	static
stm32f1xx_hal_uart.c:628:19:HAL_UART_DeInit	8	static
stm32f1xx_hal_uart.c:1027:19:HAL_UART_Transmit	24	static
stm32f1xx_hal_uart.c:1112:19:HAL_UART_Receive	24	static
stm32f1xx_hal_uart.c:1203:19:HAL_UART_Transmit_IT	0	static
stm32f1xx_hal_uart.c:1248:19:HAL_UART_Receive_IT	0	static
stm32f1xx_hal_uart.c:1299:19:HAL_UART_Transmit_DMA	16	static
stm32f1xx_hal_uart.c:1367:19:HAL_UART_Receive_DMA	24	static
stm32f1xx_hal_uart.c:1434:19:HAL_UART_DMAPause	0	static
stm32f1xx_hal_uart.c:1471:19:HAL_UART_DMAResume	8	static
stm32f1xx_hal_uart.c:1507:19:HAL_UART_DMAStop	8	static
stm32f1xx_hal_uart.c:1559:19:HAL_UART_Abort	8	static
stm32f1xx_hal_uart.c:1641:19:HAL_UART_AbortTransmit	8	static
stm32f1xx_hal_uart.c:1692:19:HAL_UART_AbortReceive	8	static
stm32f1xx_hal_uart.c:2167:13:HAL_UART_TxCpltCallback	0	static
stm32f1xx_hal_uart.c:2542:13:UART_DMATransmitCplt	8	static
stm32f1xx_hal_uart.c:2182:13:HAL_UART_TxHalfCpltCallback	0	static
stm32f1xx_hal_uart.c:2577:13:UART_DMATxHalfCplt	8	static
stm32f1xx_hal_uart.c:2197:13:HAL_UART_RxCpltCallback	0	static
stm32f1xx_hal_uart.c:2596:13:UART_DMAReceiveCplt	8	static
stm32f1xx_hal_uart.c:2992:26:UART_Receive_IT	8	static
stm32f1xx_hal_uart.c:2212:13:HAL_UART_RxHalfCpltCallback	0	static
stm32f1xx_hal_uart.c:2630:13:UART_DMARxHalfCplt	8	static
stm32f1xx_hal_uart.c:2227:13:HAL_UART_ErrorCallback	0	static
stm32f1xx_hal_uart.c:2649:13:UART_DMAError	8	static
stm32f1xx_hal_uart.c:2021:6:HAL_UART_IRQHandler	16	static
stm32f1xx_hal_uart.c:2753:13:UART_DMAAbortOnError	8	static
stm32f1xx_hal_uart.c:2241:13:HAL_UART_AbortCpltCallback	0	static
stm32f1xx_hal_uart.c:1746:19:HAL_UART_Abort_IT	8	static
stm32f1xx_hal_uart.c:2822:13:UART_DMARxAbortCallback	8	static
stm32f1xx_hal_uart.c:2777:13:UART_DMATxAbortCallback	8	static
stm32f1xx_hal_uart.c:2256:13:HAL_UART_AbortTransmitCpltCallback	0	static
stm32f1xx_hal_uart.c:1874:19:HAL_UART_AbortTransmit_IT	8	static
stm32f1xx_hal_uart.c:2867:13:UART_DMATxOnlyAbortCallback	8	static
stm32f1xx_hal_uart.c:2271:13:HAL_UART_AbortReceiveCpltCallback	0	static
stm32f1xx_hal_uart.c:1951:19:HAL_UART_AbortReceive_IT	8	static
stm32f1xx_hal_uart.c:2895:13:UART_DMARxOnlyAbortCallback	8	static
stm32f1xx_hal_uart.c:2310:19:HAL_LIN_SendBreak	0	static
stm32f1xx_hal_uart.c:2337:19:HAL_MultiProcessor_EnterMuteMode	0	static
stm32f1xx_hal_uart.c:2364:19:HAL_MultiProcessor_ExitMuteMode	0	static
stm32f1xx_hal_uart.c:2391:19:HAL_HalfDuplex_EnableTransmitter	0	static
stm32f1xx_hal_uart.c:2426:19:HAL_HalfDuplex_EnableReceiver	0	static
stm32f1xx_hal_uart.c:2483:23:HAL_UART_GetState	0	static
stm32f1xx_hal_uart.c:2498:10:HAL_UART_GetError	0	static
