usbd_conf.c:94:6:HAL_PCD_MspInit	32	static
usbd_conf.c:126:6:HAL_PCD_MspDeInit	8	static
usbd_conf.c:156:6:HAL_PCD_SetupStageCallback	0	static
usbd_conf.c:167:6:HAL_PCD_DataOutStageCallback	0	static
usbd_conf.c:178:6:HAL_PCD_DataInStageCallback	0	static
usbd_conf.c:188:6:HAL_PCD_SOFCallback	0	static
usbd_conf.c:198:6:HAL_PCD_ResetCallback	8	static
usbd_conf.c:225:6:HAL_PCD_SuspendCallback	8	static
usbd_conf.c:245:6:HAL_PCD_ResumeCallback	0	static
usbd_conf.c:259:6:HAL_PCD_ISOOUTIncompleteCallback	0	static
usbd_conf.c:270:6:HAL_PCD_ISOINIncompleteCallback	0	static
usbd_conf.c:280:6:HAL_PCD_ConnectCallback	0	static
usbd_conf.c:290:6:HAL_PCD_DisconnectCallback	0	static
usbd_conf.c:304:20:USBD_LL_Init	8	static
usbd_conf.c:336:20:USBD_LL_DeInit	8	static
usbd_conf.c:368:20:USBD_LL_Start	8	static
usbd_conf.c:400:20:USBD_LL_Stop	8	static
usbd_conf.c:435:20:USBD_LL_OpenEP	8	static
usbd_conf.c:468:20:USBD_LL_CloseEP	8	static
usbd_conf.c:501:20:USBD_LL_FlushEP	8	static
usbd_conf.c:534:20:USBD_LL_StallEP	8	static
usbd_conf.c:567:20:USBD_LL_ClearStallEP	8	static
usbd_conf.c:600:9:USBD_LL_IsStallEP	0	static
usbd_conf.c:620:20:USBD_LL_SetUSBAddress	8	static
usbd_conf.c:655:20:USBD_LL_Transmit	8	static
usbd_conf.c:690:20:USBD_LL_PrepareReceive	8	static
usbd_conf.c:723:10:USBD_LL_GetRxDataSize	8	static
usbd_conf.c:733:6:USBD_LL_Delay	0	static
usbd_conf.c:743:7:USBD_static_malloc	0	static
usbd_conf.c:754:6:USBD_static_free	0	static
usbd_conf.c:765:6:HAL_PCDEx_SetConnectionState	0	static
