usbd_cdc.c:664:17:USBD_CDC_DataIn	0	static
usbd_cdc.c:718:17:USBD_CDC_EP0_RxReady	8	static
usbd_cdc.c:740:18:USBD_CDC_GetFSCfgDesc	0	static
usbd_cdc.c:753:18:USBD_CDC_GetHSCfgDesc	0	static
usbd_cdc.c:766:18:USBD_CDC_GetOtherSpeedCfgDesc	0	static
usbd_cdc.c:778:11:USBD_CDC_GetDeviceQualifierDescriptor	0	static
usbd_cdc.c:688:17:USBD_CDC_DataOut	16	static
usbd_cdc.c:599:17:USBD_CDC_Setup	24	static
usbd_cdc.c:563:17:USBD_CDC_DeInit	8	static
usbd_cdc.c:475:17:USBD_CDC_Init	24	static
usbd_cdc.c:790:10:USBD_CDC_RegisterInterface	0	static
usbd_cdc.c:810:10:USBD_CDC_SetTxBuffer	0	static
usbd_cdc.c:829:10:USBD_CDC_SetRxBuffer	0	static
usbd_cdc.c:846:10:USBD_CDC_TransmitPacket	8	static
usbd_cdc.c:883:10:USBD_CDC_ReceivePacket	8	static
