w25qxx.c:26:9:W25qxx_Spi	32	static
w25qxx.c:46:10:W25qxx_ReadID	24	static
w25qxx.c:81:6:W25qxx_WriteEnable	8	static
w25qxx.c:90:6:W25qxx_WriteDisable	8	static
w25qxx.c:155:6:W25qxx_WaitForWriteEnd	8	static
w25qxx.c:171:9:W25qxx_Init	16	static
w25qxx.c:327:6:W25qxx_EraseChip	16	static
w25qxx.c:348:6:W25qxx_EraseSector	24	static
w25qxx.c:380:6:W25qxx_EraseBlock	16	static
w25qxx.c:413:10:W25qxx_PageToSector	0	static
w25qxx.c:419:10:W25qxx_PageToBlock	0	static
w25qxx.c:425:10:W25qxx_SectorToBlock	0	static
w25qxx.c:431:10:W25qxx_SectorToPage	0	static
w25qxx.c:437:10:W25qxx_BlockToPage	0	static
w25qxx.c:443:9:W25qxx_IsEmptyPage	288	static
w25qxx.c:488:9:W25qxx_IsEmptySector	288	static
w25qxx.c:569:9:W25qxx_IsEmptyBlock	296	static
w25qxx.c:650:6:W25qxx_WriteByte	24	static
w25qxx.c:681:6:W25qxx_WritePage	32	static
w25qxx.c:723:6:W25qxx_WriteSector	32	static
w25qxx.c:754:6:W25qxx_WriteBlock	32	static
w25qxx.c:785:6:W25qxx_ReadByte	24	static
w25qxx.c:811:6:W25qxx_ReadBytes	24	static
w25qxx.c:851:6:W25qxx_ReadPage	32	static
w25qxx.c:899:6:W25qxx_ReadSector	32	static
w25qxx.c:930:6:W25qxx_ReadBlock	32	static
