w25qxx.c:26:9:W25qxx_Spi	32	static
w25qxx.c:46:10:W25qxx_ReadID	24	static
w25qxx.c:81:6:W25qxx_WriteEnable	8	static
w25qxx.c:90:6:W25qxx_WriteDisable	8	static
w25qxx.c:155:6:W25qxx_WaitForWriteEnd	8	static
w25qxx.c:171:9:W25qxx_Init	16	static
w25qxx.c:388:6:W25qxx_EraseChip	16	static
w25qxx.c:409:6:W25qxx_EraseSector	24	static
w25qxx.c:441:6:W25qxx_EraseBlock	16	static
w25qxx.c:474:10:W25qxx_PageToSector	0	static
w25qxx.c:480:10:W25qxx_PageToBlock	0	static
w25qxx.c:486:10:W25qxx_SectorToBlock	0	static
w25qxx.c:492:10:W25qxx_SectorToPage	0	static
w25qxx.c:498:10:W25qxx_BlockToPage	0	static
w25qxx.c:504:9:W25qxx_IsEmptyPage	288	static
w25qxx.c:549:9:W25qxx_IsEmptySector	288	static
w25qxx.c:630:9:W25qxx_IsEmptyBlock	296	static
w25qxx.c:711:6:W25qxx_WriteByte	24	static
w25qxx.c:742:6:W25qxx_WritePage	32	static
w25qxx.c:784:6:W25qxx_WriteSector	32	static
w25qxx.c:815:6:W25qxx_WriteBlock	32	static
w25qxx.c:846:6:W25qxx_ReadByte	24	static
w25qxx.c:872:6:W25qxx_ReadBytes	24	static
w25qxx.c:912:6:W25qxx_ReadPage	32	static
w25qxx.c:960:6:W25qxx_ReadSector	32	static
w25qxx.c:991:6:W25qxx_ReadBlock	32	static
