usbd_conf.c:95:6:HAL_PCD_MspInit	16	static
usbd_conf.c:114:6:HAL_PCD_MspDeInit	0	static
usbd_conf.c:138:6:HAL_PCD_SetupStageCallback	0	static
usbd_conf.c:149:6:HAL_PCD_DataOutStageCallback	0	static
usbd_conf.c:160:6:HAL_PCD_DataInStageCallback	0	static
usbd_conf.c:170:6:HAL_PCD_SOFCallback	0	static
usbd_conf.c:180:6:HAL_PCD_ResetCallback	8	static
usbd_conf.c:207:6:HAL_PCD_SuspendCallback	8	static
usbd_conf.c:227:6:HAL_PCD_ResumeCallback	0	static
usbd_conf.c:241:6:HAL_PCD_ISOOUTIncompleteCallback	0	static
usbd_conf.c:252:6:HAL_PCD_ISOINIncompleteCallback	0	static
usbd_conf.c:262:6:HAL_PCD_ConnectCallback	0	static
usbd_conf.c:272:6:HAL_PCD_DisconnectCallback	0	static
usbd_conf.c:286:20:USBD_LL_Init	8	static
usbd_conf.c:318:20:USBD_LL_DeInit	8	static
usbd_conf.c:350:20:USBD_LL_Start	8	static
usbd_conf.c:382:20:USBD_LL_Stop	8	static
usbd_conf.c:417:20:USBD_LL_OpenEP	8	static
usbd_conf.c:450:20:USBD_LL_CloseEP	8	static
usbd_conf.c:483:20:USBD_LL_FlushEP	8	static
usbd_conf.c:516:20:USBD_LL_StallEP	8	static
usbd_conf.c:549:20:USBD_LL_ClearStallEP	8	static
usbd_conf.c:582:9:USBD_LL_IsStallEP	0	static
usbd_conf.c:602:20:USBD_LL_SetUSBAddress	8	static
usbd_conf.c:637:20:USBD_LL_Transmit	8	static
usbd_conf.c:672:20:USBD_LL_PrepareReceive	8	static
usbd_conf.c:705:10:USBD_LL_GetRxDataSize	8	static
usbd_conf.c:715:6:USBD_LL_Delay	0	static
usbd_conf.c:725:7:USBD_static_malloc	0	static
usbd_conf.c:736:6:USBD_static_free	0	static
usbd_conf.c:747:6:HAL_PCDEx_SetConnectionState	0	static
