stm32f1xx_hal_rtc.c:1358:17:RTC_ReadTimeCounter	12	static
stm32f1xx_hal_rtc.c:1420:17:RTC_ReadAlarmCounter	0	static
stm32f1xx_hal_rtc.c:1521:16:RTC_ByteToBcd2	0	static
stm32f1xx_hal_rtc.c:1539:16:RTC_Bcd2ToByte	0	static
stm32f1xx_hal_rtc.c:1685:16:RTC_WeekDayNum	16	static
stm32f1xx_hal_rtc.c:1469:26:RTC_EnterInitMode	16	static
stm32f1xx_hal_rtc.c:1496:26:RTC_ExitInitMode	16	static
stm32f1xx_hal_rtc.c:1388:26:RTC_WriteTimeCounter	16	static
stm32f1xx_hal_rtc.c:1437:26:RTC_WriteAlarmCounter	16	static
stm32f1xx_hal_rtc.c:425:13:HAL_RTC_MspInit	0	static
stm32f1xx_hal_rtc.c:440:13:HAL_RTC_MspDeInit	0	static
stm32f1xx_hal_rtc.c:478:19:HAL_RTC_SetTime	16	static
stm32f1xx_hal_rtc.c:577:19:HAL_RTC_GetTime	32	static
stm32f1xx_hal_rtc.c:688:19:HAL_RTC_SetDate	16	static
stm32f1xx_hal_rtc.c:802:19:HAL_RTC_GetDate	32	static
stm32f1xx_hal_rtc.c:867:19:HAL_RTC_SetAlarm	40	static
stm32f1xx_hal_rtc.c:959:19:HAL_RTC_SetAlarm_IT	40	static
stm32f1xx_hal_rtc.c:1064:19:HAL_RTC_GetAlarm	16	static
stm32f1xx_hal_rtc.c:1109:19:HAL_RTC_DeactivateAlarm	16	static
stm32f1xx_hal_rtc.c:1207:13:HAL_RTC_AlarmAEventCallback	0	static
stm32f1xx_hal_rtc.c:1179:6:HAL_RTC_AlarmIRQHandler	8	static
stm32f1xx_hal_rtc.c:1223:19:HAL_RTC_PollForAlarmAEvent	16	static
stm32f1xx_hal_rtc.c:1278:21:HAL_RTC_GetState	0	static
stm32f1xx_hal_rtc.c:1311:19:HAL_RTC_WaitForSynchro	16	static
stm32f1xx_hal_rtc.c:242:19:HAL_RTC_Init	8	static
stm32f1xx_hal_rtc.c:355:19:HAL_RTC_DeInit	16	static
