stm32f1xx_it.c:81:6:NMI_Handler	0	static
stm32f1xx_it.c:94:6:HardFault_Handler	0	static
stm32f1xx_it.c:109:6:MemManage_Handler	0	static
stm32f1xx_it.c:124:6:BusFault_Handler	0	static
stm32f1xx_it.c:139:6:UsageFault_Handler	0	static
stm32f1xx_it.c:154:6:SVC_Handler	0	static
stm32f1xx_it.c:167:6:DebugMon_Handler	0	static
stm32f1xx_it.c:180:6:PendSV_Handler	0	static
stm32f1xx_it.c:193:6:SysTick_Handler	0	static
stm32f1xx_it.c:214:6:TIM4_IRQHandler	0	static
stm32f1xx_it.c:228:6:USART1_IRQHandler	8	static
stm32f1xx_it.c:254:6:USART3_IRQHandler	8	static
