stm32f1xx_hal_rtc.c:1587:17:RTC_ReadTimeCounter	12	static
stm32f1xx_hal_rtc.c:1651:17:RTC_ReadAlarmCounter	0	static
stm32f1xx_hal_rtc.c:1752:16:RTC_ByteToBcd2	0	static
stm32f1xx_hal_rtc.c:1770:16:RTC_Bcd2ToByte	0	static
stm32f1xx_hal_rtc.c:1916:16:RTC_WeekDayNum	16	static
stm32f1xx_hal_rtc.c:1700:26:RTC_EnterInitMode	16	static
stm32f1xx_hal_rtc.c:1727:26:RTC_ExitInitMode	16	static
stm32f1xx_hal_rtc.c:1619:26:RTC_WriteTimeCounter	16	static
stm32f1xx_hal_rtc.c:1668:26:RTC_WriteAlarmCounter	16	static
stm32f1xx_hal_rtc.c:650:13:HAL_RTC_MspInit	0	static
stm32f1xx_hal_rtc.c:665:13:HAL_RTC_MspDeInit	0	static
stm32f1xx_hal_rtc.c:703:19:HAL_RTC_SetTime	16	static
stm32f1xx_hal_rtc.c:802:19:HAL_RTC_GetTime	32	static
stm32f1xx_hal_rtc.c:913:19:HAL_RTC_SetDate	16	static
stm32f1xx_hal_rtc.c:1027:19:HAL_RTC_GetDate	32	static
stm32f1xx_hal_rtc.c:1092:19:HAL_RTC_SetAlarm	40	static
stm32f1xx_hal_rtc.c:1184:19:HAL_RTC_SetAlarm_IT	40	static
stm32f1xx_hal_rtc.c:1289:19:HAL_RTC_GetAlarm	16	static
stm32f1xx_hal_rtc.c:1334:19:HAL_RTC_DeactivateAlarm	16	static
stm32f1xx_hal_rtc.c:1436:13:HAL_RTC_AlarmAEventCallback	0	static
stm32f1xx_hal_rtc.c:1404:6:HAL_RTC_AlarmIRQHandler	8	static
stm32f1xx_hal_rtc.c:1452:19:HAL_RTC_PollForAlarmAEvent	16	static
stm32f1xx_hal_rtc.c:1507:21:HAL_RTC_GetState	0	static
stm32f1xx_hal_rtc.c:1540:19:HAL_RTC_WaitForSynchro	16	static
stm32f1xx_hal_rtc.c:275:19:HAL_RTC_Init	8	static
stm32f1xx_hal_rtc.c:411:19:HAL_RTC_DeInit	16	static
