ds3231.c:16:6:Set_time_data	72	static
ds3231.c:38:6:Read_time_data	72	static
ds3231.c:61:9:bcd2dec	0	static
ds3231.c:66:9:dec2bcd	0	static
ds3231.c:73:9:readSeconds	0	static
ds3231.c:78:9:readMinutes	0	static
ds3231.c:83:9:readHours	0	static
ds3231.c:88:9:readDate	0	static
ds3231.c:93:9:readMonth	0	static
ds3231.c:98:9:readYear	0	static
ds3231.c:103:9:readDay	0	static
ds3231.c:110:6:setSeconds	8	static
ds3231.c:115:6:setMinutes	8	static
ds3231.c:120:6:setHour	8	static
ds3231.c:125:6:setDate	8	static
ds3231.c:130:6:setMonth	8	static
ds3231.c:135:6:setYear	8	static
ds3231.c:140:6:setDay	0	static
ds3231.c:147:7:Read_temp_ds3213	72	static
