ds3231.c:17:6:Set_time_data	72	static
ds3231.c:39:6:Read_time_data	72	static
ds3231.c:62:9:bcd2dec	0	static
ds3231.c:67:9:dec2bcd	0	static
ds3231.c:74:9:readSeconds	0	static
ds3231.c:79:9:readMinutes	0	static
ds3231.c:84:9:readHours	0	static
ds3231.c:89:9:readDate	0	static
ds3231.c:94:9:readMonth	0	static
ds3231.c:99:9:readYear	0	static
ds3231.c:104:9:readDay	0	static
ds3231.c:111:6:setSeconds	8	static
ds3231.c:116:6:setMinutes	8	static
ds3231.c:121:6:setHour	8	static
ds3231.c:126:6:setDate	8	static
ds3231.c:131:6:setMonth	8	static
ds3231.c:136:6:setYear	8	static
ds3231.c:141:6:setDay	0	static
ds3231.c:148:7:Read_temp_ds3213	72	static
ds3231.c:165:6:setOutput	80	static
ds3231.c:190:6:setSQWRate	80	static
ds3231.c:216:6:enable32KHz	80	static
ds3231.c:243:6:armAlarm1	72	static
ds3231.c:276:6:clearAlarm1	72	static
ds3231.c:302:6:setAlarm1	80	static
