stm32f1xx_hal_uart.c:3304:13:UART_EndRxTransfer	0	static
stm32f1xx_hal_uart.c:3661:13:UART_SetConfig	8	static
stm32f1xx_hal_uart.c:3167:26:UART_WaitOnFlagUntilTimeout.constprop	24	static
stm32f1xx_hal_uart.c:711:13:HAL_UART_MspInit	0	static
stm32f1xx_hal_uart.c:352:19:HAL_UART_Init	8	static
stm32f1xx_hal_uart.c:429:19:HAL_HalfDuplex_Init	8	static
stm32f1xx_hal_uart.c:504:19:HAL_LIN_Init	16	static
stm32f1xx_hal_uart.c:587:19:HAL_MultiProcessor_Init	16	static
stm32f1xx_hal_uart.c:726:13:HAL_UART_MspDeInit	0	static
stm32f1xx_hal_uart.c:666:19:HAL_UART_DeInit	8	static
stm32f1xx_hal_uart.c:1136:19:HAL_UART_Transmit	32	static
stm32f1xx_hal_uart.c:1224:19:HAL_UART_Receive	32	static
stm32f1xx_hal_uart.c:1315:19:HAL_UART_Transmit_IT	0	static
stm32f1xx_hal_uart.c:1395:19:HAL_UART_Transmit_DMA	16	static
stm32f1xx_hal_uart.c:1493:19:HAL_UART_DMAPause	0	static
stm32f1xx_hal_uart.c:1530:19:HAL_UART_DMAResume	8	static
stm32f1xx_hal_uart.c:1566:19:HAL_UART_DMAStop	8	static
stm32f1xx_hal_uart.c:1621:19:HAL_UARTEx_ReceiveToIdle	40	static
stm32f1xx_hal_uart.c:1865:19:HAL_UART_Abort	8	static
stm32f1xx_hal_uart.c:1954:19:HAL_UART_AbortTransmit	8	static
stm32f1xx_hal_uart.c:2005:19:HAL_UART_AbortReceive	8	static
stm32f1xx_hal_uart.c:2586:13:HAL_UART_TxCpltCallback	0	static
stm32f1xx_hal_uart.c:2980:13:UART_DMATransmitCplt	8	static
stm32f1xx_hal_uart.c:2601:13:HAL_UART_TxHalfCpltCallback	0	static
stm32f1xx_hal_uart.c:3015:13:UART_DMATxHalfCplt	8	static
stm32f1xx_hal_uart.c:2616:13:HAL_UART_RxCpltCallback	0	static
stm32f1xx_hal_uart.c:2631:13:HAL_UART_RxHalfCpltCallback	0	static
stm32f1xx_hal_uart.c:2646:13:HAL_UART_ErrorCallback	0	static
stm32f1xx_hal_uart.c:3126:13:UART_DMAError	8	static
stm32f1xx_hal_uart.c:3328:13:UART_DMAAbortOnError	8	static
stm32f1xx_hal_uart.c:2660:13:HAL_UART_AbortCpltCallback	0	static
stm32f1xx_hal_uart.c:2066:19:HAL_UART_Abort_IT	8	static
stm32f1xx_hal_uart.c:3398:13:UART_DMARxAbortCallback	8	static
stm32f1xx_hal_uart.c:3352:13:UART_DMATxAbortCallback	8	static
stm32f1xx_hal_uart.c:2675:13:HAL_UART_AbortTransmitCpltCallback	0	static
stm32f1xx_hal_uart.c:2201:19:HAL_UART_AbortTransmit_IT	8	static
stm32f1xx_hal_uart.c:3444:13:UART_DMATxOnlyAbortCallback	8	static
stm32f1xx_hal_uart.c:2690:13:HAL_UART_AbortReceiveCpltCallback	0	static
stm32f1xx_hal_uart.c:2278:19:HAL_UART_AbortReceive_IT	8	static
stm32f1xx_hal_uart.c:3472:13:UART_DMARxOnlyAbortCallback	8	static
stm32f1xx_hal_uart.c:2707:13:HAL_UARTEx_RxEventCallback	0	static
stm32f1xx_hal_uart.c:3563:26:UART_Receive_IT	16	static
stm32f1xx_hal_uart.c:2356:6:HAL_UART_IRQHandler	24	static
stm32f1xx_hal_uart.c:3091:13:UART_DMARxHalfCplt	8	static
stm32f1xx_hal_uart.c:3034:13:UART_DMAReceiveCplt	8	static
stm32f1xx_hal_uart.c:2747:19:HAL_LIN_SendBreak	0	static
stm32f1xx_hal_uart.c:2774:19:HAL_MultiProcessor_EnterMuteMode	0	static
stm32f1xx_hal_uart.c:2801:19:HAL_MultiProcessor_ExitMuteMode	0	static
stm32f1xx_hal_uart.c:2828:19:HAL_HalfDuplex_EnableTransmitter	0	static
stm32f1xx_hal_uart.c:2863:19:HAL_HalfDuplex_EnableReceiver	0	static
stm32f1xx_hal_uart.c:2920:23:HAL_UART_GetState	0	static
stm32f1xx_hal_uart.c:2935:10:HAL_UART_GetError	0	static
stm32f1xx_hal_uart.c:3205:19:UART_Start_Receive_IT	0	static
stm32f1xx_hal_uart.c:1360:19:HAL_UART_Receive_IT	12	static
stm32f1xx_hal_uart.c:1747:19:HAL_UARTEx_ReceiveToIdle_IT	24	static
stm32f1xx_hal_uart.c:3240:19:UART_Start_Receive_DMA	24	static
stm32f1xx_hal_uart.c:1463:19:HAL_UART_Receive_DMA	12	static
stm32f1xx_hal_uart.c:1808:19:HAL_UARTEx_ReceiveToIdle_DMA	24	static
