ILI9341_GFX.c:31:6:ILI9341_Write_Command	8	static
ILI9341_GFX.c:42:6:ILI9341_Write_Data	8	static
ILI9341_GFX.c:53:6:ILI9341_Set_Address	24	static
ILI9341_GFX.c:96:6:ILI9341_Reset	8	static
ILI9341_GFX.c:106:6:ILI9341_Set_Rotation	8	static
ILI9341_GFX.c:144:6:ILI9341_Init	8	static
ILI9341_GFX.c:284:6:ILI9341_Draw_Colour	8	static
ILI9341_GFX.c:298:6:ILI9341_Draw_Colour_Burst	16	static
ILI9341_GFX.c:320:6:ILI9341_Fill_Screen	16	static
ILI9341_GFX.c:327:6:ILI9341_Draw_Pixel	24	static
ILI9341_GFX.c:383:6:ILI9341_Draw_Rectangle	24	static
ILI9341_GFX.c:402:6:ILI9341_Draw_Horizontal_Line	16	static
ILI9341_GFX.c:416:6:ILI9341_Draw_Vertical_Line	16	static
ILI9341_GFX.c:430:6:ILI9341_Draw_Hollow_Circle	72	static
ILI9341_GFX.c:466:6:ILI9341_Draw_Filled_Circle	56	static
ILI9341_GFX.c:502:6:ILI9341_Draw_Hollow_Rectangle_Coord	32	static
ILI9341_GFX.c:550:6:ILI9341_Draw_Filled_Rectangle_Coord	20	static
ILI9341_GFX.c:596:6:ILI9341_Random_line	48	static
ILI9341_GFX.c:653:6:ILI9341_Draw_Image	16	static
ILI9341_GFX.c:699:6:ILI9341_WriteString	64	static
