ILI9341_GFX.c:29:6:ILI9341_Write_Command	8	static
ILI9341_GFX.c:38:6:ILI9341_Write_Data	8	static
ILI9341_GFX.c:47:6:ILI9341_Set_Address	24	static
ILI9341_GFX.c:88:6:ILI9341_Reset	8	static
ILI9341_GFX.c:98:6:ILI9341_Set_Rotation	8	static
ILI9341_GFX.c:134:6:ILI9341_Init	8	static
ILI9341_GFX.c:274:6:ILI9341_Draw_Colour	8	static
ILI9341_GFX.c:286:6:ILI9341_Draw_Colour_Burst	16	static
ILI9341_GFX.c:306:6:ILI9341_Fill_Screen	16	static
ILI9341_GFX.c:313:6:ILI9341_Draw_Pixel	24	static
ILI9341_GFX.c:366:6:ILI9341_Draw_Rectangle	24	static
ILI9341_GFX.c:385:6:ILI9341_Draw_Horizontal_Line	16	static
ILI9341_GFX.c:399:6:ILI9341_Draw_Vertical_Line	16	static
ILI9341_GFX.c:413:6:ILI9341_Draw_Hollow_Circle	72	static
ILI9341_GFX.c:449:6:ILI9341_Draw_Filled_Circle	56	static
ILI9341_GFX.c:485:6:ILI9341_Draw_Hollow_Rectangle_Coord	32	static
ILI9341_GFX.c:533:6:ILI9341_Draw_Filled_Rectangle_Coord	20	static
ILI9341_GFX.c:581:6:ILI9341_Draw_Image	16	static
ILI9341_GFX.c:824:6:ILI9341_WriteString	64	static
