stm32f1xx_hal_uart.c:2195:13:UART_EndRxTransfer	0	static
stm32f1xx_hal_uart.c:2473:13:UART_SetConfig	32	static
stm32f1xx_hal_uart.c:2148:26:UART_WaitOnFlagUntilTimeout.constprop	24	static
stm32f1xx_hal_uart.c:549:13:HAL_UART_MspInit	0	static
stm32f1xx_hal_uart.c:259:19:HAL_UART_Init	8	static
stm32f1xx_hal_uart.c:324:19:HAL_HalfDuplex_Init	8	static
stm32f1xx_hal_uart.c:385:19:HAL_LIN_Init	16	static
stm32f1xx_hal_uart.c:453:19:HAL_MultiProcessor_Init	16	static
stm32f1xx_hal_uart.c:564:13:HAL_UART_MspDeInit	0	static
stm32f1xx_hal_uart.c:517:19:HAL_UART_DeInit	8	static
stm32f1xx_hal_uart.c:643:19:HAL_UART_Transmit	24	static
stm32f1xx_hal_uart.c:725:19:HAL_UART_Receive	24	static
stm32f1xx_hal_uart.c:813:19:HAL_UART_Transmit_IT	0	static
stm32f1xx_hal_uart.c:854:19:HAL_UART_Receive_IT	0	static
stm32f1xx_hal_uart.c:902:19:HAL_UART_Transmit_DMA	16	static
stm32f1xx_hal_uart.c:967:19:HAL_UART_Receive_DMA	24	static
stm32f1xx_hal_uart.c:1034:19:HAL_UART_DMAPause	0	static
stm32f1xx_hal_uart.c:1071:19:HAL_UART_DMAResume	8	static
stm32f1xx_hal_uart.c:1107:19:HAL_UART_DMAStop	8	static
stm32f1xx_hal_uart.c:1159:19:HAL_UART_Abort	8	static
stm32f1xx_hal_uart.c:1223:19:HAL_UART_AbortTransmit	8	static
stm32f1xx_hal_uart.c:1265:19:HAL_UART_AbortReceive	8	static
stm32f1xx_hal_uart.c:1689:14:HAL_UART_TxCpltCallback	0	static
stm32f1xx_hal_uart.c:2033:13:UART_DMATransmitCplt	8	static
stm32f1xx_hal_uart.c:1704:14:HAL_UART_TxHalfCpltCallback	0	static
stm32f1xx_hal_uart.c:2062:13:UART_DMATxHalfCplt	8	static
stm32f1xx_hal_uart.c:1719:13:HAL_UART_RxCpltCallback	0	static
stm32f1xx_hal_uart.c:2074:13:UART_DMAReceiveCplt	8	static
stm32f1xx_hal_uart.c:2409:26:UART_Receive_IT	8	static
stm32f1xx_hal_uart.c:1734:13:HAL_UART_RxHalfCpltCallback	0	static
stm32f1xx_hal_uart.c:2102:13:UART_DMARxHalfCplt	8	static
stm32f1xx_hal_uart.c:1749:14:HAL_UART_ErrorCallback	0	static
stm32f1xx_hal_uart.c:2113:13:UART_DMAError	8	static
stm32f1xx_hal_uart.c:1555:6:HAL_UART_IRQHandler	16	static
stm32f1xx_hal_uart.c:2211:13:UART_DMAAbortOnError	8	static
stm32f1xx_hal_uart.c:1763:13:HAL_UART_AbortCpltCallback	0	static
stm32f1xx_hal_uart.c:1310:19:HAL_UART_Abort_IT	8	static
stm32f1xx_hal_uart.c:2266:13:UART_DMARxAbortCallback	8	static
stm32f1xx_hal_uart.c:2228:13:UART_DMATxAbortCallback	8	static
stm32f1xx_hal_uart.c:1777:13:HAL_UART_AbortTransmitCpltCallback	0	static
stm32f1xx_hal_uart.c:1432:19:HAL_UART_AbortTransmit_IT	8	static
stm32f1xx_hal_uart.c:2304:13:UART_DMATxOnlyAbortCallback	8	static
stm32f1xx_hal_uart.c:1792:13:HAL_UART_AbortReceiveCpltCallback	0	static
stm32f1xx_hal_uart.c:1497:19:HAL_UART_AbortReceive_IT	8	static
stm32f1xx_hal_uart.c:2325:13:UART_DMARxOnlyAbortCallback	8	static
stm32f1xx_hal_uart.c:1831:19:HAL_LIN_SendBreak	0	static
stm32f1xx_hal_uart.c:1858:19:HAL_MultiProcessor_EnterMuteMode	0	static
stm32f1xx_hal_uart.c:1885:19:HAL_MultiProcessor_ExitMuteMode	0	static
stm32f1xx_hal_uart.c:1912:19:HAL_HalfDuplex_EnableTransmitter	0	static
stm32f1xx_hal_uart.c:1947:19:HAL_HalfDuplex_EnableReceiver	0	static
stm32f1xx_hal_uart.c:2004:23:HAL_UART_GetState	0	static
stm32f1xx_hal_uart.c:2019:10:HAL_UART_GetError	0	static
