stm32f1xx_hal_tim.c:4640:13:TIM_OC1_SetConfig	24	static
stm32f1xx_hal_tim.c:4790:13:TIM_OC3_SetConfig	24	static
stm32f1xx_hal_tim.c:4864:13:TIM_OC4_SetConfig	24	static
stm32f1xx_hal_tim.c:4924:13:TIM_SlaveTimer_SetConfig	16	static
stm32f1xx_hal_tim.c:275:13:HAL_TIM_Base_MspInit	0	static
stm32f1xx_hal_tim.c:289:13:HAL_TIM_Base_MspDeInit	0	static
stm32f1xx_hal_tim.c:248:19:HAL_TIM_Base_DeInit	8	static
stm32f1xx_hal_tim.c:304:19:HAL_TIM_Base_Start	8	static
stm32f1xx_hal_tim.c:327:19:HAL_TIM_Base_Stop	8	static
stm32f1xx_hal_tim.c:350:19:HAL_TIM_Base_Start_IT	8	static
stm32f1xx_hal_tim.c:370:19:HAL_TIM_Base_Stop_IT	8	static
stm32f1xx_hal_tim.c:391:19:HAL_TIM_Base_Start_DMA	16	static
stm32f1xx_hal_tim.c:435:19:HAL_TIM_Base_Stop_DMA	8	static
stm32f1xx_hal_tim.c:555:13:HAL_TIM_OC_MspInit	0	static
stm32f1xx_hal_tim.c:569:13:HAL_TIM_OC_MspDeInit	0	static
stm32f1xx_hal_tim.c:528:19:HAL_TIM_OC_DeInit	8	static
stm32f1xx_hal_tim.c:1064:13:HAL_TIM_PWM_MspInit	0	static
stm32f1xx_hal_tim.c:1078:13:HAL_TIM_PWM_MspDeInit	0	static
stm32f1xx_hal_tim.c:1037:19:HAL_TIM_PWM_DeInit	8	static
stm32f1xx_hal_tim.c:1576:13:HAL_TIM_IC_MspInit	0	static
stm32f1xx_hal_tim.c:1590:13:HAL_TIM_IC_MspDeInit	0	static
stm32f1xx_hal_tim.c:1549:19:HAL_TIM_IC_DeInit	8	static
stm32f1xx_hal_tim.c:2061:13:HAL_TIM_OnePulse_MspInit	0	static
stm32f1xx_hal_tim.c:2075:13:HAL_TIM_OnePulse_MspDeInit	0	static
stm32f1xx_hal_tim.c:2034:19:HAL_TIM_OnePulse_DeInit	8	static
stm32f1xx_hal_tim.c:2394:13:HAL_TIM_Encoder_MspInit	0	static
stm32f1xx_hal_tim.c:2408:13:HAL_TIM_Encoder_MspDeInit	0	static
stm32f1xx_hal_tim.c:2367:19:HAL_TIM_Encoder_DeInit	8	static
stm32f1xx_hal_tim.c:3358:19:HAL_TIM_DMABurst_WriteStart	24	static
stm32f1xx_hal_tim.c:3489:19:HAL_TIM_DMABurst_WriteStop	16	static
stm32f1xx_hal_tim.c:3581:19:HAL_TIM_DMABurst_ReadStart	24	static
stm32f1xx_hal_tim.c:3713:19:HAL_TIM_DMABurst_ReadStop	16	static
stm32f1xx_hal_tim.c:3785:19:HAL_TIM_GenerateEvent	16	static
stm32f1xx_hal_tim.c:3822:19:HAL_TIM_ConfigOCrefClear	16	static
stm32f1xx_hal_tim.c:3943:19:HAL_TIM_ConfigClockSource	16	static
stm32f1xx_hal_tim.c:4117:19:HAL_TIM_ConfigTI1Input	16	static
stm32f1xx_hal_tim.c:4149:19:HAL_TIM_SlaveConfigSynchronization	16	static
stm32f1xx_hal_tim.c:4184:19:HAL_TIM_SlaveConfigSynchronization_IT	16	static
stm32f1xx_hal_tim.c:4222:10:HAL_TIM_ReadCapturedValue	8	static
stm32f1xx_hal_tim.c:4309:13:HAL_TIM_PeriodElapsedCallback	0	static
stm32f1xx_hal_tim.c:4562:13:TIM_DMAPeriodElapsedCplt	8	static
stm32f1xx_hal_tim.c:4323:13:HAL_TIM_OC_DelayElapsedCallback	0	static
stm32f1xx_hal_tim.c:4336:13:HAL_TIM_IC_CaptureCallback	0	static
stm32f1xx_hal_tim.c:4529:6:TIM_DMACaptureCplt	8	static
stm32f1xx_hal_tim.c:4350:13:HAL_TIM_PWM_PulseFinishedCallback	0	static
stm32f1xx_hal_tim.c:4497:6:TIM_DMADelayPulseCplt	8	static
stm32f1xx_hal_tim.c:4364:13:HAL_TIM_TriggerCallback	0	static
stm32f1xx_hal_tim.c:2794:6:HAL_TIM_IRQHandler	8	static
stm32f1xx_hal_tim.c:4576:13:TIM_DMATriggerCplt	8	static
stm32f1xx_hal_tim.c:4378:13:HAL_TIM_ErrorCallback	0	static
stm32f1xx_hal_tim.c:4483:6:TIM_DMAError	8	static
stm32f1xx_hal_tim.c:4411:22:HAL_TIM_Base_GetState	0	static
stm32f1xx_hal_tim.c:4421:22:HAL_TIM_OC_GetState	0	static
stm32f1xx_hal_tim.c:4431:22:HAL_TIM_PWM_GetState	0	static
stm32f1xx_hal_tim.c:4441:22:HAL_TIM_IC_GetState	0	static
stm32f1xx_hal_tim.c:4451:22:HAL_TIM_OnePulse_GetState	0	static
stm32f1xx_hal_tim.c:4461:22:HAL_TIM_Encoder_GetState	0	static
stm32f1xx_hal_tim.c:4591:6:TIM_Base_SetConfig	0	static
stm32f1xx_hal_tim.c:208:19:HAL_TIM_Base_Init	8	static
stm32f1xx_hal_tim.c:488:19:HAL_TIM_OC_Init	8	static
stm32f1xx_hal_tim.c:997:19:HAL_TIM_PWM_Init	8	static
stm32f1xx_hal_tim.c:1509:19:HAL_TIM_IC_Init	8	static
stm32f1xx_hal_tim.c:1987:19:HAL_TIM_OnePulse_Init	16	static
stm32f1xx_hal_tim.c:2274:19:HAL_TIM_Encoder_Init	24	static
stm32f1xx_hal_tim.c:4714:6:TIM_OC2_SetConfig	24	static
stm32f1xx_hal_tim.c:2957:19:HAL_TIM_OC_ConfigChannel	16	static
stm32f1xx_hal_tim.c:3122:19:HAL_TIM_PWM_ConfigChannel	16	static
stm32f1xx_hal_tim.c:5068:6:TIM_TI1_SetConfig	16	static
stm32f1xx_hal_tim.c:3026:19:HAL_TIM_IC_ConfigChannel	24	static
stm32f1xx_hal_tim.c:3222:19:HAL_TIM_OnePulse_ConfigChannel	56	static
stm32f1xx_hal_tim.c:5390:6:TIM_CCxChannelCmd	16	static
stm32f1xx_hal_tim.c:589:19:HAL_TIM_OC_Start	16	static
stm32f1xx_hal_tim.c:621:19:HAL_TIM_OC_Stop	16	static
stm32f1xx_hal_tim.c:653:19:HAL_TIM_OC_Start_IT	16	static
stm32f1xx_hal_tim.c:719:19:HAL_TIM_OC_Stop_IT	16	static
stm32f1xx_hal_tim.c:787:19:HAL_TIM_OC_Start_DMA	24	static
stm32f1xx_hal_tim.c:904:19:HAL_TIM_OC_Stop_DMA	16	static
stm32f1xx_hal_tim.c:1098:19:HAL_TIM_PWM_Start	16	static
stm32f1xx_hal_tim.c:1130:19:HAL_TIM_PWM_Stop	16	static
stm32f1xx_hal_tim.c:1165:19:HAL_TIM_PWM_Start_IT	16	static
stm32f1xx_hal_tim.c:1231:19:HAL_TIM_PWM_Stop_IT	16	static
stm32f1xx_hal_tim.c:1299:19:HAL_TIM_PWM_Start_DMA	24	static
stm32f1xx_hal_tim.c:1416:19:HAL_TIM_PWM_Stop_DMA	16	static
stm32f1xx_hal_tim.c:1610:19:HAL_TIM_IC_Start	16	static
stm32f1xx_hal_tim.c:1636:19:HAL_TIM_IC_Stop	16	static
stm32f1xx_hal_tim.c:1662:19:HAL_TIM_IC_Start_IT	16	static
stm32f1xx_hal_tim.c:1721:19:HAL_TIM_IC_Stop_IT	16	static
stm32f1xx_hal_tim.c:1783:19:HAL_TIM_IC_Start_DMA	24	static
stm32f1xx_hal_tim.c:1896:19:HAL_TIM_IC_Stop_DMA	16	static
stm32f1xx_hal_tim.c:2093:19:HAL_TIM_OnePulse_Start	8	static
stm32f1xx_hal_tim.c:2129:19:HAL_TIM_OnePulse_Stop	8	static
stm32f1xx_hal_tim.c:2165:19:HAL_TIM_OnePulse_Start_IT	8	static
stm32f1xx_hal_tim.c:2207:19:HAL_TIM_OnePulse_Stop_IT	8	static
stm32f1xx_hal_tim.c:2427:19:HAL_TIM_Encoder_Start	16	static
stm32f1xx_hal_tim.c:2469:19:HAL_TIM_Encoder_Stop	16	static
stm32f1xx_hal_tim.c:2513:19:HAL_TIM_Encoder_Start_IT	16	static
stm32f1xx_hal_tim.c:2561:19:HAL_TIM_Encoder_Stop_IT	16	static
stm32f1xx_hal_tim.c:2615:19:HAL_TIM_Encoder_Start_DMA	32	static
stm32f1xx_hal_tim.c:2732:19:HAL_TIM_Encoder_Stop_DMA	16	static
