usbd_conf.c:70:6:HAL_PCD_MspInit	16	static
usbd_conf.c:89:6:HAL_PCD_MspDeInit	0	static
usbd_conf.c:116:6:HAL_PCD_SetupStageCallback	0	static
usbd_conf.c:131:6:HAL_PCD_DataOutStageCallback	0	static
usbd_conf.c:146:6:HAL_PCD_DataInStageCallback	0	static
usbd_conf.c:160:6:HAL_PCD_SOFCallback	0	static
usbd_conf.c:174:6:HAL_PCD_ResetCallback	8	static
usbd_conf.c:199:6:HAL_PCD_SuspendCallback	8	static
usbd_conf.c:223:6:HAL_PCD_ResumeCallback	0	static
usbd_conf.c:241:6:HAL_PCD_ISOOUTIncompleteCallback	0	static
usbd_conf.c:256:6:HAL_PCD_ISOINIncompleteCallback	0	static
usbd_conf.c:270:6:HAL_PCD_ConnectCallback	0	static
usbd_conf.c:284:6:HAL_PCD_DisconnectCallback	0	static
usbd_conf.c:299:20:USBD_LL_Init	8	static
usbd_conf.c:349:20:USBD_LL_DeInit	8	static
usbd_conf.c:366:20:USBD_LL_Start	8	static
usbd_conf.c:383:20:USBD_LL_Stop	8	static
usbd_conf.c:403:20:USBD_LL_OpenEP	8	static
usbd_conf.c:421:20:USBD_LL_CloseEP	8	static
usbd_conf.c:439:20:USBD_LL_FlushEP	8	static
usbd_conf.c:457:20:USBD_LL_StallEP	8	static
usbd_conf.c:475:20:USBD_LL_ClearStallEP	8	static
usbd_conf.c:493:9:USBD_LL_IsStallEP	0	static
usbd_conf.c:513:20:USBD_LL_SetUSBAddress	8	static
usbd_conf.c:533:20:USBD_LL_Transmit	8	static
usbd_conf.c:553:20:USBD_LL_PrepareReceive	8	static
usbd_conf.c:571:10:USBD_LL_GetRxDataSize	8	static
usbd_conf.c:581:6:USBD_LL_Delay	0	static
usbd_conf.c:591:7:USBD_static_malloc	0	static
usbd_conf.c:602:6:USBD_static_free	0	static
usbd_conf.c:616:6:HAL_PCDEx_SetConnectionState	0	static
