nrf24l01.c:25:6:DWT_Init	0	static
nrf24l01.c:31:6:delay_us	0	static
nrf24l01.c:38:6:csn	8	static
nrf24l01.c:44:6:ce	0	static
nrf24l01.c:49:9:read_register	32	static
nrf24l01.c:61:9:write_registerMy	40	static
nrf24l01.c:73:9:write_register	32	static
nrf24l01.c:84:9:write_payload	40	static
nrf24l01.c:107:9:read_payload	32	static
nrf24l01.c:144:9:spiTrans	32	static
nrf24l01.c:134:9:flush_rx	0	static
nrf24l01.c:139:9:flush_tx	0	static
nrf24l01.c:153:9:get_status	0	static
nrf24l01.c:158:6:setChannel	0	static
nrf24l01.c:163:9:getChannel	0	static
nrf24l01.c:168:6:setPayloadSize	0	static
nrf24l01.c:173:9:getPayloadSize	0	static
nrf24l01.c:219:6:isChipConnected	8	static
nrf24l01.c:257:6:stopListening	8	static
nrf24l01.c:272:6:powerDown	8	static
nrf24l01.c:279:6:powerUp	8	static
nrf24l01.c:312:6:startFastWrite	8	static
nrf24l01.c:292:6:write	8	static
nrf24l01.c:322:6:maskIRQ	16	static
nrf24l01.c:330:9:getDynamicPayloadSize	32	static
nrf24l01.c:354:6:available	8	static
nrf24l01.c:349:6:availableMy	0	static
nrf24l01.c:370:6:read	8	static
nrf24l01.c:377:9:whatHappened	0	static
nrf24l01.c:386:6:openWritingPipe	24	static
nrf24l01.c:399:6:openReadingPipe	16	static
nrf24l01.c:419:6:setAddressWidth	16	static
nrf24l01.c:433:6:closeReadingPipe	8	static
nrf24l01.c:231:6:startListening	8	static
nrf24l01.c:438:6:toggle_features	24	static
nrf24l01.c:447:6:enableDynamicPayloads	8	static
nrf24l01.c:454:6:disableDynamicPayloads	8	static
nrf24l01.c:461:6:enableAckPayload	8	static
nrf24l01.c:468:6:enableDynamicAck	8	static
nrf24l01.c:473:6:writeAckPayload	32	static
nrf24l01.c:484:6:isAckPayloadAvailable	8	static
nrf24l01.c:489:6:isPVariant	0	static
nrf24l01.c:494:6:setAutoAck	0	static
nrf24l01.c:502:6:setAutoAckPipe	16	static
nrf24l01.c:521:6:setPALevel	8	static
nrf24l01.c:537:9:getPALevel	8	static
nrf24l01.c:542:6:setDataRate	16	static
nrf24l01.c:178:9:NRF_Init	24	static
nrf24l01.c:574:17:getDataRate	8	static
nrf24l01.c:597:6:setCRCLength	8	static
nrf24l01.c:618:18:getCRCLength	8	static
nrf24l01.c:636:6:disableCRC	8	static
nrf24l01.c:642:6:setRetries	0	static
