stm32f1xx_hal_adc.c:787:13:HAL_ADC_MspInit	0	static
stm32f1xx_hal_adc.c:801:13:HAL_ADC_MspDeInit	0	static
stm32f1xx_hal_adc.c:1203:19:HAL_ADC_PollForConversion	32	static
stm32f1xx_hal_adc.c:1342:19:HAL_ADC_PollForEvent	24	static
stm32f1xx_hal_adc.c:1772:10:HAL_ADC_GetValue	0	static
stm32f1xx_hal_adc.c:1916:13:HAL_ADC_ConvCpltCallback	0	static
stm32f1xx_hal_adc.c:2340:6:ADC_DMAConvCplt	8	static
stm32f1xx_hal_adc.c:1930:13:HAL_ADC_ConvHalfCpltCallback	0	static
stm32f1xx_hal_adc.c:2387:6:ADC_DMAHalfConvCplt	8	static
stm32f1xx_hal_adc.c:1944:13:HAL_ADC_LevelOutOfWindowCallback	0	static
stm32f1xx_hal_adc.c:1789:6:HAL_ADC_IRQHandler	8	static
stm32f1xx_hal_adc.c:1959:13:HAL_ADC_ErrorCallback	0	static
stm32f1xx_hal_adc.c:2405:6:ADC_DMAError	8	static
stm32f1xx_hal_adc.c:2007:19:HAL_ADC_ConfigChannel	24	static
stm32f1xx_hal_adc.c:2117:19:HAL_ADC_AnalogWDGConfig	12	static
stm32f1xx_hal_adc.c:2204:10:HAL_ADC_GetState	0	static
stm32f1xx_hal_adc.c:2215:10:HAL_ADC_GetError	0	static
stm32f1xx_hal_adc.c:2239:19:ADC_Enable	24	static
stm32f1xx_hal_adc.c:1046:19:HAL_ADC_Start	8	static
stm32f1xx_hal_adc.c:1395:19:HAL_ADC_Start_IT	8	static
stm32f1xx_hal_adc.c:1563:19:HAL_ADC_Start_DMA	24	static
stm32f1xx_hal_adc.c:2298:19:ADC_ConversionStop_Disable	16	static
stm32f1xx_hal_adc.c:421:19:HAL_ADC_Init	24	static
stm32f1xx_hal_adc.c:639:19:HAL_ADC_DeInit	16	static
stm32f1xx_hal_adc.c:1159:19:HAL_ADC_Stop	8	static
stm32f1xx_hal_adc.c:1506:19:HAL_ADC_Stop_IT	8	static
stm32f1xx_hal_adc.c:1704:19:HAL_ADC_Stop_DMA	8	static
