stm32f1xx_hal_adc_ex.c:126:19:HAL_ADCEx_Calibration_Start	24	static
stm32f1xx_hal_adc_ex.c:239:19:HAL_ADCEx_InjectedStart	8	static
stm32f1xx_hal_adc_ex.c:338:19:HAL_ADCEx_InjectedStop	8	static
stm32f1xx_hal_adc_ex.c:391:19:HAL_ADCEx_InjectedPollForConversion	32	static
stm32f1xx_hal_adc_ex.c:517:19:HAL_ADCEx_InjectedStart_IT	8	static
stm32f1xx_hal_adc_ex.c:616:19:HAL_ADCEx_InjectedStop_IT	8	static
stm32f1xx_hal_adc_ex.c:685:19:HAL_ADCEx_MultiModeStart_DMA	72	static
stm32f1xx_hal_adc_ex.c:811:19:HAL_ADCEx_MultiModeStop_DMA	64	static
stm32f1xx_hal_adc_ex.c:899:10:HAL_ADCEx_InjectedGetValue	0	static
stm32f1xx_hal_adc_ex.c:936:10:HAL_ADCEx_MultiModeGetValue	0	static
stm32f1xx_hal_adc_ex.c:968:13:HAL_ADCEx_InjectedConvCpltCallback	0	static
stm32f1xx_hal_adc_ex.c:1010:19:HAL_ADCEx_InjectedConfigChannel	32	static
stm32f1xx_hal_adc_ex.c:1271:19:HAL_ADCEx_MultiModeConfigChannel	8	static
