stm32f3xx_hal_pcd.c:245:13:HAL_PCD_MspInit	0	static
stm32f3xx_hal_pcd.c:138:19:HAL_PCD_Init	16	static
stm32f3xx_hal_pcd.c:260:13:HAL_PCD_MspDeInit	0	static
stm32f3xx_hal_pcd.c:294:19:HAL_PCD_Start	8	static
stm32f3xx_hal_pcd.c:307:19:HAL_PCD_Stop	0	static
stm32f3xx_hal_pcd.c:219:19:HAL_PCD_DeInit	8	static
stm32f3xx_hal_pcd.c:626:14:HAL_PCD_DataOutStageCallback	0	static
stm32f3xx_hal_pcd.c:643:14:HAL_PCD_DataInStageCallback	0	static
stm32f3xx_hal_pcd.c:658:14:HAL_PCD_SetupStageCallback	0	static
stm32f3xx_hal_pcd.c:673:14:HAL_PCD_SOFCallback	0	static
stm32f3xx_hal_pcd.c:688:14:HAL_PCD_ResetCallback	0	static
stm32f3xx_hal_pcd.c:703:14:HAL_PCD_SuspendCallback	0	static
stm32f3xx_hal_pcd.c:718:14:HAL_PCD_ResumeCallback	0	static
stm32f3xx_hal_pcd.c:734:14:HAL_PCD_ISOOUTIncompleteCallback	0	static
stm32f3xx_hal_pcd.c:751:14:HAL_PCD_ISOINIncompleteCallback	0	static
stm32f3xx_hal_pcd.c:767:14:HAL_PCD_ConnectCallback	0	static
stm32f3xx_hal_pcd.c:782:14:HAL_PCD_DisconnectCallback	0	static
stm32f3xx_hal_pcd.c:815:19:HAL_PCD_DevConnect	8	static
stm32f3xx_hal_pcd.c:831:19:HAL_PCD_DevDisconnect	8	static
stm32f3xx_hal_pcd.c:848:19:HAL_PCD_SetAddress	0	static
stm32f3xx_hal_pcd.c:873:19:HAL_PCD_EP_Open	20	static
stm32f3xx_hal_pcd.c:979:19:HAL_PCD_EP_Close	12	static
stm32f3xx_hal_pcd.c:1052:19:HAL_PCD_EP_Receive	16	static
stm32f3xx_hal_pcd.c:1101:10:HAL_PCD_EP_GetRxCount	0	static
stm32f3xx_hal_pcd.c:1113:19:HAL_PCD_EP_Transmit	24	static
stm32f3xx_hal_pcd.c:556:6:HAL_PCD_IRQHandler	40	static
stm32f3xx_hal_pcd.c:1171:19:HAL_PCD_EP_SetStall	8	static
stm32f3xx_hal_pcd.c:1217:19:HAL_PCD_EP_ClrStall	8	static
stm32f3xx_hal_pcd.c:1257:19:HAL_PCD_EP_Flush	0	static
stm32f3xx_hal_pcd.c:1267:19:HAL_PCD_ActivateRemoteWakeup	0	static
stm32f3xx_hal_pcd.c:1278:19:HAL_PCD_DeActivateRemoteWakeup	0	static
stm32f3xx_hal_pcd.c:1308:18:HAL_PCD_GetState	0	static
