stm32f1xx_hal_pwr.c:117:13:PWR_OverloadWfe	4	static,ignoring_inline_asm
stm32f1xx_hal_pwr.c:156:6:HAL_PWR_DeInit	4	static
stm32f1xx_hal_pwr.c:169:6:HAL_PWR_EnableBkUpAccess	4	static
stm32f1xx_hal_pwr.c:182:6:HAL_PWR_DisableBkUpAccess	4	static
stm32f1xx_hal_pwr.c:316:6:HAL_PWR_ConfigPVD	16	static
stm32f1xx_hal_pwr.c:359:6:HAL_PWR_EnablePVD	4	static
stm32f1xx_hal_pwr.c:369:6:HAL_PWR_DisablePVD	4	static
stm32f1xx_hal_pwr.c:382:6:HAL_PWR_EnableWakeUpPin	24	static,ignoring_inline_asm
stm32f1xx_hal_pwr.c:397:6:HAL_PWR_DisableWakeUpPin	24	static,ignoring_inline_asm
stm32f1xx_hal_pwr.c:417:6:HAL_PWR_EnterSLEEPMode	16	static,ignoring_inline_asm
stm32f1xx_hal_pwr.c:463:6:HAL_PWR_EnterSTOPMode	16	static,ignoring_inline_asm
stm32f1xx_hal_pwr.c:503:6:HAL_PWR_EnterSTANDBYMode	4	static,ignoring_inline_asm
stm32f1xx_hal_pwr.c:528:6:HAL_PWR_EnableSleepOnExit	4	static
stm32f1xx_hal_pwr.c:541:6:HAL_PWR_DisableSleepOnExit	4	static
stm32f1xx_hal_pwr.c:554:6:HAL_PWR_EnableSEVOnPend	4	static
stm32f1xx_hal_pwr.c:567:6:HAL_PWR_DisableSEVOnPend	4	static
stm32f1xx_hal_pwr.c:580:6:HAL_PWR_PVD_IRQHandler	8	static
stm32f1xx_hal_pwr.c:597:13:HAL_PWR_PVDCallback	4	static
