stm32f1xx_hal_uart.c:314:19:HAL_UART_Init	16	static
stm32f1xx_hal_uart.c:391:19:HAL_HalfDuplex_Init	16	static
stm32f1xx_hal_uart.c:466:19:HAL_LIN_Init	16	static
stm32f1xx_hal_uart.c:549:19:HAL_MultiProcessor_Init	24	static
stm32f1xx_hal_uart.c:628:19:HAL_UART_DeInit	16	static
stm32f1xx_hal_uart.c:672:13:HAL_UART_MspInit	16	static
stm32f1xx_hal_uart.c:687:13:HAL_UART_MspDeInit	16	static
stm32f1xx_hal_uart.c:1027:19:HAL_UART_Transmit	48	static
stm32f1xx_hal_uart.c:1115:19:HAL_UART_Receive	48	static
stm32f1xx_hal_uart.c:1205:19:HAL_UART_Transmit_IT	24	static
stm32f1xx_hal_uart.c:1250:19:HAL_UART_Receive_IT	24	static
stm32f1xx_hal_uart.c:1301:19:HAL_UART_Transmit_DMA	32	static
stm32f1xx_hal_uart.c:1369:19:HAL_UART_Receive_DMA	32	static
stm32f1xx_hal_uart.c:1436:19:HAL_UART_DMAPause	24	static
stm32f1xx_hal_uart.c:1473:19:HAL_UART_DMAResume	24	static
stm32f1xx_hal_uart.c:1509:19:HAL_UART_DMAStop	24	static
stm32f1xx_hal_uart.c:1561:19:HAL_UART_Abort	16	static
stm32f1xx_hal_uart.c:1643:19:HAL_UART_AbortTransmit	16	static
stm32f1xx_hal_uart.c:1694:19:HAL_UART_AbortReceive	16	static
stm32f1xx_hal_uart.c:1748:19:HAL_UART_Abort_IT	24	static
stm32f1xx_hal_uart.c:1876:19:HAL_UART_AbortTransmit_IT	16	static
stm32f1xx_hal_uart.c:1953:19:HAL_UART_AbortReceive_IT	16	static
stm32f1xx_hal_uart.c:2023:6:HAL_UART_IRQHandler	40	static
stm32f1xx_hal_uart.c:2169:13:HAL_UART_TxCpltCallback	16	static
stm32f1xx_hal_uart.c:2184:13:HAL_UART_TxHalfCpltCallback	16	static
stm32f1xx_hal_uart.c:2199:13:HAL_UART_RxCpltCallback	16	static
stm32f1xx_hal_uart.c:2214:13:HAL_UART_RxHalfCpltCallback	16	static
stm32f1xx_hal_uart.c:2229:13:HAL_UART_ErrorCallback	16	static
stm32f1xx_hal_uart.c:2243:13:HAL_UART_AbortCpltCallback	16	static
stm32f1xx_hal_uart.c:2258:13:HAL_UART_AbortTransmitCpltCallback	16	static
stm32f1xx_hal_uart.c:2273:13:HAL_UART_AbortReceiveCpltCallback	16	static
stm32f1xx_hal_uart.c:2312:19:HAL_LIN_SendBreak	16	static
stm32f1xx_hal_uart.c:2339:19:HAL_MultiProcessor_EnterMuteMode	16	static
stm32f1xx_hal_uart.c:2366:19:HAL_MultiProcessor_ExitMuteMode	16	static
stm32f1xx_hal_uart.c:2393:19:HAL_HalfDuplex_EnableTransmitter	24	static
stm32f1xx_hal_uart.c:2428:19:HAL_HalfDuplex_EnableReceiver	24	static
stm32f1xx_hal_uart.c:2485:23:HAL_UART_GetState	24	static
stm32f1xx_hal_uart.c:2500:10:HAL_UART_GetError	16	static
stm32f1xx_hal_uart.c:2544:13:UART_DMATransmitCplt	24	static
stm32f1xx_hal_uart.c:2579:13:UART_DMATxHalfCplt	24	static
stm32f1xx_hal_uart.c:2598:13:UART_DMAReceiveCplt	24	static
stm32f1xx_hal_uart.c:2632:13:UART_DMARxHalfCplt	24	static
stm32f1xx_hal_uart.c:2651:13:UART_DMAError	24	static
stm32f1xx_hal_uart.c:2692:26:UART_WaitOnFlagUntilTimeout	24	static
stm32f1xx_hal_uart.c:2724:13:UART_EndTxTransfer	16	static
stm32f1xx_hal_uart.c:2738:13:UART_EndRxTransfer	16	static
stm32f1xx_hal_uart.c:2755:13:UART_DMAAbortOnError	24	static
stm32f1xx_hal_uart.c:2779:13:UART_DMATxAbortCallback	24	static
stm32f1xx_hal_uart.c:2824:13:UART_DMARxAbortCallback	24	static
stm32f1xx_hal_uart.c:2869:13:UART_DMATxOnlyAbortCallback	24	static
stm32f1xx_hal_uart.c:2897:13:UART_DMARxOnlyAbortCallback	24	static
stm32f1xx_hal_uart.c:2922:26:UART_Transmit_IT	24	static
stm32f1xx_hal_uart.c:2962:26:UART_EndTransmit_IT	16	static
stm32f1xx_hal_uart.c:2987:26:UART_Receive_IT	24	static
stm32f1xx_hal_uart.c:3056:13:UART_SetConfig	24	static
