core_cm3.h:1480:22:__NVIC_SetPriorityGrouping	24	static
core_cm3.h:1499:26:__NVIC_GetPriorityGrouping	4	static
core_cm3.h:1511:22:__NVIC_EnableIRQ	16	static
core_cm3.h:1547:22:__NVIC_DisableIRQ	16	static,ignoring_inline_asm
core_cm3.h:1566:26:__NVIC_GetPendingIRQ	16	static
core_cm3.h:1585:22:__NVIC_SetPendingIRQ	16	static
core_cm3.h:1600:22:__NVIC_ClearPendingIRQ	16	static
core_cm3.h:1617:26:__NVIC_GetActive	16	static
core_cm3.h:1639:22:__NVIC_SetPriority	16	static
core_cm3.h:1661:26:__NVIC_GetPriority	16	static
core_cm3.h:1686:26:NVIC_EncodePriority	40	static
core_cm3.h:1713:22:NVIC_DecodePriority	40	static
core_cm3.h:1762:34:__NVIC_SystemReset	4	static,ignoring_inline_asm
core_cm3.h:1834:26:SysTick_Config	16	static
stm32f1xx_hal_cortex.c:143:6:HAL_NVIC_SetPriorityGrouping	16	static
stm32f1xx_hal_cortex.c:165:6:HAL_NVIC_SetPriority	32	static
stm32f1xx_hal_cortex.c:187:6:HAL_NVIC_EnableIRQ	16	static
stm32f1xx_hal_cortex.c:203:6:HAL_NVIC_DisableIRQ	16	static
stm32f1xx_hal_cortex.c:216:6:HAL_NVIC_SystemReset	8	static
stm32f1xx_hal_cortex.c:229:10:HAL_SYSTICK_Config	16	static
stm32f1xx_hal_cortex.c:344:10:HAL_NVIC_GetPriorityGrouping	8	static
stm32f1xx_hal_cortex.c:371:6:HAL_NVIC_GetPriority	24	static
stm32f1xx_hal_cortex.c:386:6:HAL_NVIC_SetPendingIRQ	16	static
stm32f1xx_hal_cortex.c:404:10:HAL_NVIC_GetPendingIRQ	16	static
stm32f1xx_hal_cortex.c:420:6:HAL_NVIC_ClearPendingIRQ	16	static
stm32f1xx_hal_cortex.c:437:10:HAL_NVIC_GetActive	16	static
stm32f1xx_hal_cortex.c:454:6:HAL_SYSTICK_CLKSourceConfig	16	static
stm32f1xx_hal_cortex.c:472:6:HAL_SYSTICK_IRQHandler	8	static
stm32f1xx_hal_cortex.c:481:13:HAL_SYSTICK_Callback	4	static
