usbd_core.c:96:20:USBD_Init	8	static
usbd_core.c:132:20:USBD_DeInit	8	static
usbd_core.c:157:21:USBD_RegisterClass	0	static
usbd_core.c:181:21:USBD_Start	8	static
usbd_core.c:196:21:USBD_Stop	8	static
usbd_core.c:213:21:USBD_RunTestMode	0	static
usbd_core.c:227:20:USBD_SetClassConfig	8	static
usbd_core.c:249:20:USBD_ClrClassConfig	8	static
usbd_core.c:263:20:USBD_LL_SetupStage	16	static
usbd_core.c:299:20:USBD_LL_DataOutStage	16	static
usbd_core.c:343:20:USBD_LL_DataInStage	16	static
usbd_core.c:415:20:USBD_LL_Reset	16	static
usbd_core.c:451:20:USBD_LL_SetSpeed	0	static
usbd_core.c:464:20:USBD_LL_Suspend	0	static
usbd_core.c:478:20:USBD_LL_Resume	0	static
usbd_core.c:491:20:USBD_LL_SOF	8	static
usbd_core.c:509:20:USBD_LL_IsoINIncomplete	0	static
usbd_core.c:520:20:USBD_LL_IsoOUTIncomplete	0	static
usbd_core.c:531:20:USBD_LL_DevConnected	0	static
usbd_core.c:542:20:USBD_LL_DevDisconnected	8	static
