stm32f1xx_ll_usb.c:1557:19:USB_CoreInit	0	static
stm32f1xx_ll_usb.c:1575:19:USB_EnableGlobalInt	0	static
stm32f1xx_ll_usb.c:1595:19:USB_DisableGlobalInt	0	static
stm32f1xx_ll_usb.c:1617:19:USB_SetCurrentMode	0	static
stm32f1xx_ll_usb.c:1637:19:USB_DevInit	8	static
stm32f1xx_ll_usb.c:1669:19:USB_FlushTxFifo	0	static
stm32f1xx_ll_usb.c:1686:19:USB_FlushRxFifo	0	static
stm32f1xx_ll_usb.c:1703:19:USB_ActivateEndpoint	16	static
stm32f1xx_ll_usb.c:1788:19:USB_DeactivateEndpoint	8	static
stm32f1xx_ll_usb.c:1929:19:USB_WritePacket	0	static
stm32f1xx_ll_usb.c:1951:7:USB_ReadPacket	0	static
stm32f1xx_ll_usb.c:1970:19:USB_EPSetStall	0	static
stm32f1xx_ll_usb.c:1997:19:USB_EPClearStall	0	static
stm32f1xx_ll_usb.c:2017:19:USB_StopDevice	0	static
stm32f1xx_ll_usb.c:2038:20:USB_SetDevAddress	0	static
stm32f1xx_ll_usb.c:2054:20:USB_DevConnect	0	static
stm32f1xx_ll_usb.c:2070:20:USB_DevDisconnect	0	static
stm32f1xx_ll_usb.c:2086:11:USB_ReadInterrupts	0	static
stm32f1xx_ll_usb.c:2099:10:USB_ReadDevAllOutEpInterrupt	0	static
stm32f1xx_ll_usb.c:2115:10:USB_ReadDevAllInEpInterrupt	0	static
stm32f1xx_ll_usb.c:2133:10:USB_ReadDevOutEPInterrupt	0	static
stm32f1xx_ll_usb.c:2152:10:USB_ReadDevInEPInterrupt	0	static
stm32f1xx_ll_usb.c:2170:7:USB_ClearInterrupts	0	static
stm32f1xx_ll_usb.c:2187:19:USB_EP0_OutStart	0	static
stm32f1xx_ll_usb.c:2204:19:USB_ActivateRemoteWakeup	0	static
stm32f1xx_ll_usb.c:2216:19:USB_DeActivateRemoteWakeup	0	static
stm32f1xx_ll_usb.c:2230:6:USB_WritePMA	8	static
stm32f1xx_ll_usb.c:1841:19:USB_EPStartXfer	16	static
stm32f1xx_ll_usb.c:2256:6:USB_ReadPMA	8	static
