stm32f1xx_hal_adc.c:711:13:HAL_ADC_MspInit	0	static
stm32f1xx_hal_adc.c:725:13:HAL_ADC_MspDeInit	0	static
stm32f1xx_hal_adc.c:923:19:HAL_ADC_PollForConversion	32	static
stm32f1xx_hal_adc.c:1054:19:HAL_ADC_PollForEvent	24	static
stm32f1xx_hal_adc.c:1477:10:HAL_ADC_GetValue	0	static
stm32f1xx_hal_adc.c:1609:13:HAL_ADC_ConvCpltCallback	0	static
stm32f1xx_hal_adc.c:2025:6:ADC_DMAConvCplt	8	static
stm32f1xx_hal_adc.c:1623:13:HAL_ADC_ConvHalfCpltCallback	0	static
stm32f1xx_hal_adc.c:2068:6:ADC_DMAHalfConvCplt	8	static
stm32f1xx_hal_adc.c:1637:13:HAL_ADC_LevelOutOfWindowCallback	0	static
stm32f1xx_hal_adc.c:1494:6:HAL_ADC_IRQHandler	8	static
stm32f1xx_hal_adc.c:1652:13:HAL_ADC_ErrorCallback	0	static
stm32f1xx_hal_adc.c:2082:6:ADC_DMAError	8	static
stm32f1xx_hal_adc.c:1700:19:HAL_ADC_ConfigChannel	24	static
stm32f1xx_hal_adc.c:1810:19:HAL_ADC_AnalogWDGConfig	12	static
stm32f1xx_hal_adc.c:1897:10:HAL_ADC_GetState	0	static
stm32f1xx_hal_adc.c:1908:10:HAL_ADC_GetError	0	static
stm32f1xx_hal_adc.c:1932:19:ADC_Enable	24	static
stm32f1xx_hal_adc.c:766:19:HAL_ADC_Start	8	static
stm32f1xx_hal_adc.c:1103:19:HAL_ADC_Start_IT	8	static
stm32f1xx_hal_adc.c:1271:19:HAL_ADC_Start_DMA	24	static
stm32f1xx_hal_adc.c:1987:19:ADC_ConversionStop_Disable	16	static
stm32f1xx_hal_adc.c:372:19:HAL_ADC_Init	16	static
stm32f1xx_hal_adc.c:573:19:HAL_ADC_DeInit	16	static
stm32f1xx_hal_adc.c:879:19:HAL_ADC_Stop	8	static
stm32f1xx_hal_adc.c:1214:19:HAL_ADC_Stop_IT	8	static
stm32f1xx_hal_adc.c:1412:19:HAL_ADC_Stop_DMA	8	static
