ff.c:580:6:mem_cpy	0	static
ff.c:597:6:mem_set	0	static
ff.c:662:9:chk_lock	20	static
ff.c:698:6:inc_lock	20	static
ff.c:730:9:dec_lock	12	static
ff.c:1125:7:clmt_clust	0	static
ff.c:1773:6:get_fileinfo	16	static
ff.c:2187:5:get_ldnumber	8	static
ff.c:2445:9:validate	8	static
ff.c:1308:7:ld_clust.isra.0	0	static
ff.c:773:9:sync_window.part.2	16	static
ff.c:773:9:sync_window	0	static
ff.c:833:9:sync_fs	16	static
ff.c:802:9:move_window	16	static
ff.c:2248:6:check_fs	8	static
ff.c:2276:9:find_volume	40	static
ff.c:873:7:clust2sect	0	static
ff.c:891:7:get_fat	24	static
ff.c:1153:9:dir_sdi	16	static
ff.c:1726:9:dir_remove	8	static
ff.c:946:9:put_fat	24	static
ff.c:1063:7:create_chain	24	static
ff.c:1201:9:dir_next	32	static
ff.c:2125:9:follow_path	32	static
ff.c:1589:9:dir_read.constprop	8	static
ff.c:1648:9:dir_register	16	static
ff.c:1010:9:remove_chain	16	static
ff.c:2475:9:f_mount	32	static
ff.c:2522:9:f_open	600	static
ff.c:2658:9:f_read	48	static
ff.c:2759:9:f_write	48	static
ff.c:4544:6:putc_bfd	24	static
ff.c:2881:9:f_sync	16	static
ff.c:2930:9:f_close	8	static
ff.c:3102:9:f_lseek	40	static
ff.c:3260:9:f_opendir	40	static
ff.c:3316:9:f_closedir	16	static
ff.c:3348:9:f_readdir	32	static
ff.c:3442:9:f_stat	584	static
ff.c:3477:9:f_getfree	40	static
ff.c:3544:9:f_truncate	16	static
ff.c:3600:9:f_unlink	1128	static
ff.c:3669:9:f_mkdir	632	static
ff.c:3743:9:f_chmod	584	static
ff.c:3786:9:f_rename	1152	static
ff.c:3864:9:f_utime	576	static
ff.c:4138:9:f_mkfs	64	static
ff.c:4457:8:f_gets	32	static
ff.c:4599:5:f_putc	88	static
ff.c:4626:5:f_puts	88	static
ff.c:4654:5:f_printf	140	static
