stm32f1xx_hal_i2c.c:7126:26:I2C_IsAcknowledgeFailed	0	static
stm32f1xx_hal_i2c.c:6919:26:I2C_WaitOnMasterAddressFlagUntilTimeout	32	static
stm32f1xx_hal_i2c.c:7008:26:I2C_WaitOnBTFFlagUntilTimeout	16	static
stm32f1xx_hal_i2c.c:7081:26:I2C_WaitOnRXNEFlagUntilTimeout	16	static
stm32f1xx_hal_i2c.c:6885:26:I2C_WaitOnFlagUntilTimeout	32	static
stm32f1xx_hal_i2c.c:6970:26:I2C_WaitOnTXEFlagUntilTimeout	16	static
stm32f1xx_hal_i2c.c:6471:26:I2C_RequestMemoryWrite	40	static
stm32f1xx_hal_i2c.c:6547:26:I2C_RequestMemoryRead	40	static
stm32f1xx_hal_i2c.c:606:13:HAL_I2C_MspInit	0	static
stm32f1xx_hal_i2c.c:449:19:HAL_I2C_Init	16	static
stm32f1xx_hal_i2c.c:622:13:HAL_I2C_MspDeInit	0	static
stm32f1xx_hal_i2c.c:560:19:HAL_I2C_DeInit	8	static
stm32f1xx_hal_i2c.c:1042:19:HAL_I2C_Master_Transmit	40	static
stm32f1xx_hal_i2c.c:1163:19:HAL_I2C_Master_Receive	64	static
stm32f1xx_hal_i2c.c:1435:19:HAL_I2C_Slave_Transmit	40	static
stm32f1xx_hal_i2c.c:1565:19:HAL_I2C_Slave_Receive	40	static
stm32f1xx_hal_i2c.c:1686:19:HAL_I2C_Master_Transmit_IT	24	static
stm32f1xx_hal_i2c.c:1766:19:HAL_I2C_Master_Receive_IT	24	static
stm32f1xx_hal_i2c.c:1848:19:HAL_I2C_Slave_Transmit_IT	8	static
stm32f1xx_hal_i2c.c:1910:19:HAL_I2C_Slave_Receive_IT	8	static
stm32f1xx_hal_i2c.c:1974:19:HAL_I2C_Master_Transmit_DMA	24	static
stm32f1xx_hal_i2c.c:2113:19:HAL_I2C_Master_Receive_DMA	24	static
stm32f1xx_hal_i2c.c:2250:19:HAL_I2C_Slave_Transmit_DMA	24	static
stm32f1xx_hal_i2c.c:2345:19:HAL_I2C_Slave_Receive_DMA	24	static
stm32f1xx_hal_i2c.c:2445:19:HAL_I2C_Mem_Write	40	static
stm32f1xx_hal_i2c.c:2568:19:HAL_I2C_Mem_Read	56	static
stm32f1xx_hal_i2c.c:2845:19:HAL_I2C_Mem_Write_IT	24	static
stm32f1xx_hal_i2c.c:2933:19:HAL_I2C_Mem_Read_IT	32	static
stm32f1xx_hal_i2c.c:3027:19:HAL_I2C_Mem_Write_DMA	48	static
stm32f1xx_hal_i2c.c:3171:19:HAL_I2C_Mem_Read_DMA	56	static
stm32f1xx_hal_i2c.c:3329:19:HAL_I2C_IsDeviceReady	56	static
stm32f1xx_hal_i2c.c:3461:19:HAL_I2C_Master_Seq_Transmit_IT	24	static
stm32f1xx_hal_i2c.c:3559:19:HAL_I2C_Master_Seq_Transmit_DMA	32	static
stm32f1xx_hal_i2c.c:3725:19:HAL_I2C_Master_Seq_Receive_IT	24	static
stm32f1xx_hal_i2c.c:3849:19:HAL_I2C_Master_Seq_Receive_DMA	32	static
stm32f1xx_hal_i2c.c:4052:19:HAL_I2C_Slave_Seq_Transmit_IT	24	static
stm32f1xx_hal_i2c.c:4118:19:HAL_I2C_Slave_Seq_Transmit_DMA	40	static
stm32f1xx_hal_i2c.c:4275:19:HAL_I2C_Slave_Seq_Receive_IT	24	static
stm32f1xx_hal_i2c.c:4341:19:HAL_I2C_Slave_Seq_Receive_DMA	40	static
stm32f1xx_hal_i2c.c:4494:19:HAL_I2C_EnableListen_IT	0	static
stm32f1xx_hal_i2c.c:4527:19:HAL_I2C_DisableListen_IT	0	static
stm32f1xx_hal_i2c.c:4858:13:HAL_I2C_MasterTxCpltCallback	0	static
stm32f1xx_hal_i2c.c:4874:13:HAL_I2C_MasterRxCpltCallback	0	static
stm32f1xx_hal_i2c.c:4889:13:HAL_I2C_SlaveTxCpltCallback	0	static
stm32f1xx_hal_i2c.c:4905:13:HAL_I2C_SlaveRxCpltCallback	0	static
stm32f1xx_hal_i2c.c:4923:13:HAL_I2C_AddrCallback	0	static
stm32f1xx_hal_i2c.c:4941:13:HAL_I2C_ListenCpltCallback	0	static
stm32f1xx_hal_i2c.c:4957:13:HAL_I2C_MemTxCpltCallback	0	static
stm32f1xx_hal_i2c.c:4973:13:HAL_I2C_MemRxCpltCallback	0	static
stm32f1xx_hal_i2c.c:4989:13:HAL_I2C_ErrorCallback	0	static
stm32f1xx_hal_i2c.c:6780:13:I2C_DMAError	8	static
stm32f1xx_hal_i2c.c:6648:13:I2C_DMAXferCplt	16	static
stm32f1xx_hal_i2c.c:5005:13:HAL_I2C_AbortCpltCallback	0	static
stm32f1xx_hal_i2c.c:6809:13:I2C_DMAAbort	16	static
stm32f1xx_hal_i2c.c:6158:13:I2C_ITError	8	static
stm32f1xx_hal_i2c.c:4562:19:HAL_I2C_Master_Abort_IT	8	static
stm32f1xx_hal_i2c.c:4617:6:HAL_I2C_EV_IRQHandler	64	static
stm32f1xx_hal_i2c.c:4776:6:HAL_I2C_ER_IRQHandler	24	static
stm32f1xx_hal_i2c.c:5040:22:HAL_I2C_GetState	0	static
stm32f1xx_hal_i2c.c:5052:21:HAL_I2C_GetMode	0	static
stm32f1xx_hal_i2c.c:5063:10:HAL_I2C_GetError	0	static
