stm32f3xx_hal_cortex.c:185:6:HAL_NVIC_SetPriorityGrouping	0	static
stm32f3xx_hal_cortex.c:207:6:HAL_NVIC_SetPriority	12	static
stm32f3xx_hal_cortex.c:229:6:HAL_NVIC_EnableIRQ	0	static
stm32f3xx_hal_cortex.c:245:6:HAL_NVIC_DisableIRQ	0	static
stm32f3xx_hal_cortex.c:258:6:HAL_NVIC_SystemReset	0	static
stm32f3xx_hal_cortex.c:271:10:HAL_SYSTICK_Config	0	static
stm32f3xx_hal_cortex.c:301:6:HAL_MPU_Disable	0	static
stm32f3xx_hal_cortex.c:321:6:HAL_MPU_Enable	0	static
stm32f3xx_hal_cortex.c:336:6:HAL_MPU_ConfigRegion	8	static
stm32f3xx_hal_cortex.c:380:10:HAL_NVIC_GetPriorityGrouping	0	static
stm32f3xx_hal_cortex.c:407:6:HAL_NVIC_GetPriority	16	static
stm32f3xx_hal_cortex.c:422:6:HAL_NVIC_SetPendingIRQ	0	static
stm32f3xx_hal_cortex.c:437:10:HAL_NVIC_GetPendingIRQ	0	static
stm32f3xx_hal_cortex.c:450:6:HAL_NVIC_ClearPendingIRQ	0	static
stm32f3xx_hal_cortex.c:464:10:HAL_NVIC_GetActive	0	static
stm32f3xx_hal_cortex.c:478:6:HAL_SYSTICK_CLKSourceConfig	0	static
stm32f3xx_hal_cortex.c:505:13:HAL_SYSTICK_Callback	0	static
stm32f3xx_hal_cortex.c:496:6:HAL_SYSTICK_IRQHandler	8	static
