stm32f3xx_hal.c:202:13:HAL_MspInit	0	static
stm32f3xx_hal.c:213:13:HAL_MspDeInit	0	static
stm32f3xx_hal.c:179:19:HAL_DeInit	8	static
stm32f3xx_hal.c:236:26:HAL_InitTick	16	static
stm32f3xx_hal.c:154:19:HAL_Init	8	static
stm32f3xx_hal.c:294:13:HAL_IncTick	0	static
stm32f3xx_hal.c:305:17:HAL_GetTick	0	static
stm32f3xx_hal.c:314:10:HAL_GetTickPrio	0	static
stm32f3xx_hal.c:323:19:HAL_SetTickFreq	8	static
stm32f3xx_hal.c:343:21:HAL_GetTickFreq	0	static
stm32f3xx_hal.c:359:13:HAL_Delay	16	static
stm32f3xx_hal.c:385:13:HAL_SuspendTick	0	static
stm32f3xx_hal.c:403:13:HAL_ResumeTick	0	static
stm32f3xx_hal.c:414:10:HAL_GetHalVersion	0	static
stm32f3xx_hal.c:423:10:HAL_GetREVID	0	static
stm32f3xx_hal.c:432:10:HAL_GetDEVID	0	static
stm32f3xx_hal.c:441:10:HAL_GetUIDw0	0	static
stm32f3xx_hal.c:450:10:HAL_GetUIDw1	0	static
stm32f3xx_hal.c:459:10:HAL_GetUIDw2	0	static
stm32f3xx_hal.c:468:6:HAL_DBGMCU_EnableDBGSleepMode	0	static
stm32f3xx_hal.c:477:6:HAL_DBGMCU_DisableDBGSleepMode	0	static
stm32f3xx_hal.c:486:6:HAL_DBGMCU_EnableDBGStopMode	0	static
stm32f3xx_hal.c:495:6:HAL_DBGMCU_DisableDBGStopMode	0	static
stm32f3xx_hal.c:504:6:HAL_DBGMCU_EnableDBGStandbyMode	0	static
stm32f3xx_hal.c:513:6:HAL_DBGMCU_DisableDBGStandbyMode	0	static
