stm32f1xx_hal_tim.c:5858:13:TIM_OC1_SetConfig	16	static
stm32f1xx_hal_tim.c:6009:13:TIM_OC3_SetConfig	16	static
stm32f1xx_hal_tim.c:6083:13:TIM_OC4_SetConfig	12	static
stm32f1xx_hal_tim.c:353:13:HAL_TIM_Base_MspInit	0	static
stm32f1xx_hal_tim.c:368:13:HAL_TIM_Base_MspDeInit	0	static
stm32f1xx_hal_tim.c:317:19:HAL_TIM_Base_DeInit	8	static
stm32f1xx_hal_tim.c:384:19:HAL_TIM_Base_Start	0	static
stm32f1xx_hal_tim.c:413:19:HAL_TIM_Base_Stop	0	static
stm32f1xx_hal_tim.c:436:19:HAL_TIM_Base_Start_IT	0	static
stm32f1xx_hal_tim.c:462:19:HAL_TIM_Base_Stop_IT	0	static
stm32f1xx_hal_tim.c:483:19:HAL_TIM_Base_Start_DMA	8	static
stm32f1xx_hal_tim.c:542:19:HAL_TIM_Base_Stop_DMA	8	static
stm32f1xx_hal_tim.c:685:13:HAL_TIM_OC_MspInit	0	static
stm32f1xx_hal_tim.c:700:13:HAL_TIM_OC_MspDeInit	0	static
stm32f1xx_hal_tim.c:649:19:HAL_TIM_OC_DeInit	8	static
stm32f1xx_hal_tim.c:1258:13:HAL_TIM_PWM_MspInit	0	static
stm32f1xx_hal_tim.c:1273:13:HAL_TIM_PWM_MspDeInit	0	static
stm32f1xx_hal_tim.c:1222:19:HAL_TIM_PWM_DeInit	8	static
stm32f1xx_hal_tim.c:1832:13:HAL_TIM_IC_MspInit	0	static
stm32f1xx_hal_tim.c:1847:13:HAL_TIM_IC_MspDeInit	0	static
stm32f1xx_hal_tim.c:1796:19:HAL_TIM_IC_DeInit	8	static
stm32f1xx_hal_tim.c:2378:13:HAL_TIM_OnePulse_MspInit	0	static
stm32f1xx_hal_tim.c:2393:13:HAL_TIM_OnePulse_MspDeInit	0	static
stm32f1xx_hal_tim.c:2342:19:HAL_TIM_OnePulse_DeInit	8	static
stm32f1xx_hal_tim.c:2412:19:HAL_TIM_OnePulse_Start	0	static
stm32f1xx_hal_tim.c:2448:19:HAL_TIM_OnePulse_Stop	0	static
stm32f1xx_hal_tim.c:2484:19:HAL_TIM_OnePulse_Start_IT	0	static
stm32f1xx_hal_tim.c:2526:19:HAL_TIM_OnePulse_Stop_IT	0	static
stm32f1xx_hal_tim.c:2736:13:HAL_TIM_Encoder_MspInit	0	static
stm32f1xx_hal_tim.c:2751:13:HAL_TIM_Encoder_MspDeInit	0	static
stm32f1xx_hal_tim.c:2700:19:HAL_TIM_Encoder_DeInit	8	static
stm32f1xx_hal_tim.c:2771:19:HAL_TIM_Encoder_Start	0	static
stm32f1xx_hal_tim.c:2815:19:HAL_TIM_Encoder_Stop	0	static
stm32f1xx_hal_tim.c:2861:19:HAL_TIM_Encoder_Start_IT	0	static
stm32f1xx_hal_tim.c:2911:19:HAL_TIM_Encoder_Stop_IT	0	static
stm32f1xx_hal_tim.c:2965:19:HAL_TIM_Encoder_Start_DMA	32	static
stm32f1xx_hal_tim.c:3100:19:HAL_TIM_Encoder_Stop_DMA	8	static
stm32f1xx_hal_tim.c:3812:19:HAL_TIM_DMABurst_WriteStart	24	static
stm32f1xx_hal_tim.c:4077:19:HAL_TIM_DMABurst_ReadStart	24	static
stm32f1xx_hal_tim.c:4241:19:HAL_TIM_DMABurst_ReadStop	16	static
stm32f1xx_hal_tim.c:3981:19:HAL_TIM_DMABurst_WriteStop	0	static
stm32f1xx_hal_tim.c:4319:19:HAL_TIM_GenerateEvent	0	static
stm32f1xx_hal_tim.c:4632:19:HAL_TIM_ConfigTI1Input	0	static
stm32f1xx_hal_tim.c:4747:10:HAL_TIM_ReadCapturedValue	0	static
stm32f1xx_hal_tim.c:4831:13:HAL_TIM_PeriodElapsedCallback	0	static
stm32f1xx_hal_tim.c:5737:13:TIM_DMAPeriodElapsedCplt	8	static
stm32f1xx_hal_tim.c:4846:13:HAL_TIM_PeriodElapsedHalfCpltCallback	0	static
stm32f1xx_hal_tim.c:5755:13:TIM_DMAPeriodElapsedHalfCplt	8	static
stm32f1xx_hal_tim.c:4861:13:HAL_TIM_OC_DelayElapsedCallback	0	static
stm32f1xx_hal_tim.c:4876:13:HAL_TIM_IC_CaptureCallback	0	static
stm32f1xx_hal_tim.c:5655:6:TIM_DMACaptureCplt	8	static
stm32f1xx_hal_tim.c:4891:13:HAL_TIM_IC_CaptureHalfCpltCallback	0	static
stm32f1xx_hal_tim.c:5696:6:TIM_DMACaptureHalfCplt	8	static
stm32f1xx_hal_tim.c:4906:13:HAL_TIM_PWM_PulseFinishedCallback	0	static
stm32f1xx_hal_tim.c:5573:6:TIM_DMADelayPulseCplt	8	static
stm32f1xx_hal_tim.c:4921:13:HAL_TIM_PWM_PulseFinishedHalfCpltCallback	0	static
stm32f1xx_hal_tim.c:5614:6:TIM_DMADelayPulseHalfCplt	8	static
stm32f1xx_hal_tim.c:4936:13:HAL_TIM_TriggerCallback	0	static
stm32f1xx_hal_tim.c:3166:6:HAL_TIM_IRQHandler	8	static
stm32f1xx_hal_tim.c:5773:13:TIM_DMATriggerCplt	8	static
stm32f1xx_hal_tim.c:4951:13:HAL_TIM_TriggerHalfCpltCallback	0	static
stm32f1xx_hal_tim.c:5791:13:TIM_DMATriggerHalfCplt	8	static
stm32f1xx_hal_tim.c:4966:13:HAL_TIM_ErrorCallback	0	static
stm32f1xx_hal_tim.c:5555:6:TIM_DMAError	8	static
stm32f1xx_hal_tim.c:5483:22:HAL_TIM_Base_GetState	0	static
stm32f1xx_hal_tim.c:5493:22:HAL_TIM_OC_GetState	0	static
stm32f1xx_hal_tim.c:5503:22:HAL_TIM_PWM_GetState	0	static
stm32f1xx_hal_tim.c:5513:22:HAL_TIM_IC_GetState	0	static
stm32f1xx_hal_tim.c:5523:22:HAL_TIM_OnePulse_GetState	0	static
stm32f1xx_hal_tim.c:5533:22:HAL_TIM_Encoder_GetState	0	static
stm32f1xx_hal_tim.c:5810:6:TIM_Base_SetConfig	0	static
stm32f1xx_hal_tim.c:265:19:HAL_TIM_Base_Init	8	static
stm32f1xx_hal_tim.c:597:19:HAL_TIM_OC_Init	8	static
stm32f1xx_hal_tim.c:1170:19:HAL_TIM_PWM_Init	8	static
stm32f1xx_hal_tim.c:1744:19:HAL_TIM_IC_Init	8	static
stm32f1xx_hal_tim.c:2283:19:HAL_TIM_OnePulse_Init	16	static
stm32f1xx_hal_tim.c:2596:19:HAL_TIM_Encoder_Init	24	static
stm32f1xx_hal_tim.c:5933:6:TIM_OC2_SetConfig	16	static
stm32f1xx_hal_tim.c:3381:19:HAL_TIM_OC_ConfigChannel	16	static
stm32f1xx_hal_tim.c:3558:19:HAL_TIM_PWM_ConfigChannel	16	static
stm32f1xx_hal_tim.c:6274:6:TIM_TI1_SetConfig	16	static
stm32f1xx_hal_tim.c:3461:19:HAL_TIM_IC_ConfigChannel	24	static
stm32f1xx_hal_tim.c:3673:19:HAL_TIM_OnePulse_ConfigChannel	48	static
stm32f1xx_hal_tim.c:6566:6:TIM_ETR_SetConfig	8	static
stm32f1xx_hal_tim.c:4356:19:HAL_TIM_ConfigOCrefClear	16	static
stm32f1xx_hal_tim.c:4480:19:HAL_TIM_ConfigClockSource	16	static
stm32f1xx_hal_tim.c:6143:26:TIM_SlaveTimer_SetConfig	16	static
stm32f1xx_hal_tim.c:4664:19:HAL_TIM_SlaveConfigSynchro	16	static
stm32f1xx_hal_tim.c:4704:19:HAL_TIM_SlaveConfigSynchro_IT	16	static
stm32f1xx_hal_tim.c:6596:6:TIM_CCxChannelCmd	8	static
stm32f1xx_hal_tim.c:759:19:HAL_TIM_OC_Stop	8	static
stm32f1xx_hal_tim.c:1294:19:HAL_TIM_PWM_Start	8	static
stm32f1xx_hal_tim.c:721:19:HAL_TIM_OC_Start	0	static
stm32f1xx_hal_tim.c:1332:19:HAL_TIM_PWM_Stop	8	static
stm32f1xx_hal_tim.c:1367:19:HAL_TIM_PWM_Start_IT	8	static
stm32f1xx_hal_tim.c:791:19:HAL_TIM_OC_Start_IT	0	static
stm32f1xx_hal_tim.c:1438:19:HAL_TIM_PWM_Stop_IT	8	static
stm32f1xx_hal_tim.c:863:19:HAL_TIM_OC_Stop_IT	0	static
stm32f1xx_hal_tim.c:1506:19:HAL_TIM_PWM_Start_DMA	16	static
stm32f1xx_hal_tim.c:931:19:HAL_TIM_OC_Start_DMA	0	static
stm32f1xx_hal_tim.c:1647:19:HAL_TIM_PWM_Stop_DMA	16	static
stm32f1xx_hal_tim.c:1073:19:HAL_TIM_OC_Stop_DMA	0	static
stm32f1xx_hal_tim.c:1868:19:HAL_TIM_IC_Start	8	static
stm32f1xx_hal_tim.c:1900:19:HAL_TIM_IC_Stop	8	static
stm32f1xx_hal_tim.c:1926:19:HAL_TIM_IC_Start_IT	8	static
stm32f1xx_hal_tim.c:1991:19:HAL_TIM_IC_Stop_IT	8	static
stm32f1xx_hal_tim.c:2053:19:HAL_TIM_IC_Start_DMA	16	static
stm32f1xx_hal_tim.c:2188:19:HAL_TIM_IC_Stop_DMA	16	static
